// Jest Snapshot v1, https://goo.gl/fbAQLP

exports[`unit/Multicall can be used to exit a position from multiple incentives 1`] = `198994`;

exports[`unit/Multicall can be used to stake an already deposited token for multiple incentives 1`] = `245387`;
